a ai ki ▁ki n i bo ra ▁bo ▁ra ti kan ribi kati kin ya ke ▁ke bi ma we ▁ma kas xon yama ax shoko nin rin bires ni ketian man nko res non riba ain baon tani ronki shaman o anan yora pari banon bicho wetsa an be ri ▁be cha kea pao wan ▁cha onki yoma bekon noxon ainoax aitian en oa ta ▁ta iba kon mea chaa ibat kain koma meet tiibi yantan in jo ▁in ▁te isi nox oax oma tan tio tsi ▁tan ▁tsi bata kaya kean meax rabe katit paket panon tonin toshi yosma nkonia painon taanan nkoniax t x é bé ee ii na on oo yo yá ▁ka ▁ko ▁me ▁na ▁ne ▁no ▁pa ▁pe ▁pi ▁re ▁wi ▁xe ▁xo bix chi eet iit ina ira kaa kee ken kii koo mee men mis nan oot osi pan sha sho ska ten ton wen yat yon áma ▁chi ▁jan ▁jin ▁jon ▁pon ▁ran ▁xan aiki bain bait bira boan boon hira inat isma kaat keax keet kiin kiit koot káto main mein naan nonx osma pake shin skat tian tibi áiki ainko aiona anaan enaan inaan kawan kiran onaan onmea pacho patan tanan ananan beiran nimeax toshit nontian ronkiki ainkonia ainkoniax